; Top Design: "LEARNINGADS_lib:STEP4_BIAS_NETWORK:schematic"
; Netlisted using Hierarchy Policy: "Standard"

Options ResourceUsage=yes UseNutmegFormat=no EnableOptim=no TopDesignName="LEARNINGADS_lib:STEP4_BIAS_NETWORK:schematic" DcopOutputNodeVoltages=yes DcopOutputPinCurrents=yes DcopOutputAllSweepPoints=no DcopOutputDcopType=0
model MSub1 MSUB H=20 mil Er=3.66 Mur=1 Cond=5.8E7 Hu=1e+33 mm T=0.035 mm TanD=0.0001 Rough=0 mm DielectricLossModel=1 FreqForEpsrTanD=1.0 GHz LowFreqForTanD=1.0 kHz HighFreqForTanD=1.0 THz RoughnessModel=2 
S_Param:SP1 CalcS=yes CalcY=no CalcZ=no GroupDelayAperture=1e-4 FreqConversion=no FreqConversionPort=1 StatusLevel=2 CalcNoise=no SortNoise=0 BandwidthForNoise=1.0 Hz DevOpPtLevel=0 \
SweepVar="freq" SweepPlan="SP1_stim" OutputPlan="SP1_Output" 

SweepPlan: SP1_stim Start=0.1 GHz Stop=6 GHz Step=0.1 GHz 

OutputPlan:SP1_Output \
      Type="Output" \
      UseEquationNestLevel=yes \
      EquationNestLevel=2 \
      UseSavedEquationNestLevel=yes \
      SavedEquationNestLevel=2

#load "python","LinearCollapse"
Component Module="LinearCollapse" Type="ModelExtractor" NetworkRepresentation=2

w50=1.1
wdc=0.2
wpad_mil=45
Port:TermG1  IP 0 Num=1 Z=50 Ohm Noise=yes 
Port:TermG2  OP 0 Num=2 Z=50 Ohm Noise=yes 
MLIN2:TL1  IP N__5 Subst="MSub1" W=w50 mm L=2 mm Wall1=2.5e+28 mm Wall2=2.5e+28 mm Mod=1 
MLIN2:TL2  N__6 OP Subst="MSub1" W=w50 mm L=2 mm Wall1=2.5e+28 mm Wall2=2.5e+28 mm Mod=1 
MTEE_ADS:Tee1  N__5 N__6 N__11 Subst="MSub1" W1=w50 mm W2=w50 mm W3=wdc mm 
MLIN2:TL3  N__11 N__12 Subst="MSub1" W=wdc mm L=19.8 mm Wall1=2.5e+28 mm Wall2=2.5e+28 mm Mod=1 
MSTEP:Step1  N__12 DC_FEED Subst="MSub1" W1=wdc mm W2=wpad_mil mm 
MLIN2:TL4  DC_FEED N__1 Subst="MSub1" W=wpad_mil mm L=0.5 mm Wall1=2.5e+28 mm Wall2=2.5e+28 mm Mod=1 
MGAP:Gap1  N__1 N__8 Subst="MSub1" W=wpad_mil mm S=0.5 mm 
MLIN2:TL5  N__8 0 Subst="MSub1" W=wpad_mil mm L=0.5 mm Wall1=2.5e+28 mm Wall2=2.5e+28 mm Mod=1 
C:C1  DC_FEED 0 C=470 pF 
